#-----------------------------------------------------------
# Vivado v2018.2 (64-bit)
# SW Build 2258646 on Thu Jun 14 20:03:12 MDT 2018
# IP Build 2256618 on Thu Jun 14 22:10:49 MDT 2018
# Start of session at: Thu Nov 22 21:08:14 2018
# Process ID: 13564
# Current directory: C:/Users/EnglishOnly/Desktop/Vivado/lab8/lab8_homework_2
# Command line: vivado.exe -gui_launcher_event rodinguilauncherevent7644 C:\Users\EnglishOnly\Desktop\Vivado\lab8\lab8_homework_2\lab8_2_1.xpr
# Log file: C:/Users/EnglishOnly/Desktop/Vivado/lab8/lab8_homework_2/vivado.log
# Journal file: C:/Users/EnglishOnly/Desktop/Vivado/lab8/lab8_homework_2\vivado.jou
#-----------------------------------------------------------
start_gui
open_project C:/Users/EnglishOnly/Desktop/Vivado/lab8/lab8_homework_2/lab8_2_1.xpr
update_compile_order -fileset sources_1
reset_run synth_1
launch_runs impl_1 -to_step write_bitstream -jobs 4
wait_on_run impl_1
open_hw
connect_hw_server
open_hw_target
set_property PROGRAM.FILE {C:/Users/EnglishOnly/Desktop/Vivado/lab8/lab8_homework_2/lab8_2_1.runs/impl_1/lab8_2_1.bit} [get_hw_devices xc7a100t_0]
current_hw_device [get_hw_devices xc7a100t_0]
refresh_hw_device -update_hw_probes false [lindex [get_hw_devices xc7a100t_0] 0]
set_property PROBES.FILE {} [get_hw_devices xc7a100t_0]
set_property FULL_PROBES.FILE {} [get_hw_devices xc7a100t_0]
set_property PROGRAM.FILE {C:/Users/EnglishOnly/Desktop/Vivado/lab8/lab8_homework_2/lab8_2_1.runs/impl_1/lab8_2_1.bit} [get_hw_devices xc7a100t_0]
program_hw_devices [get_hw_devices xc7a100t_0]
refresh_hw_device [lindex [get_hw_devices xc7a100t_0] 0]
close_hw
reset_run synth_1
launch_runs impl_1 -to_step write_bitstream -jobs 4
wait_on_run impl_1
open_hw
connect_hw_server
open_hw_target
set_property PROGRAM.FILE {C:/Users/EnglishOnly/Desktop/Vivado/lab8/lab8_homework_2/lab8_2_1.runs/impl_1/lab8_2_1.bit} [get_hw_devices xc7a100t_0]
current_hw_device [get_hw_devices xc7a100t_0]
refresh_hw_device -update_hw_probes false [lindex [get_hw_devices xc7a100t_0] 0]
set_property PROBES.FILE {} [get_hw_devices xc7a100t_0]
set_property FULL_PROBES.FILE {} [get_hw_devices xc7a100t_0]
set_property PROGRAM.FILE {C:/Users/EnglishOnly/Desktop/Vivado/lab8/lab8_homework_2/lab8_2_1.runs/impl_1/lab8_2_1.bit} [get_hw_devices xc7a100t_0]
program_hw_devices [get_hw_devices xc7a100t_0]
refresh_hw_device [lindex [get_hw_devices xc7a100t_0] 0]
close_hw
set_property -dict [list CONFIG.Count_Mode {DOWN} CONFIG.Threshold_Value {9}] [get_ips c_counter_binary_0]
generate_target all [get_files  C:/Users/EnglishOnly/Desktop/Vivado/lab8/lab8_homework_2/lab8_2_1.srcs/sources_1/ip/c_counter_binary_0/c_counter_binary_0.xci]
catch { config_ip_cache -export [get_ips -all c_counter_binary_0] }
export_ip_user_files -of_objects [get_files C:/Users/EnglishOnly/Desktop/Vivado/lab8/lab8_homework_2/lab8_2_1.srcs/sources_1/ip/c_counter_binary_0/c_counter_binary_0.xci] -no_script -sync -force -quiet
reset_run c_counter_binary_0_synth_1
launch_runs -jobs 4 c_counter_binary_0_synth_1
wait_on_run c_counter_binary_0_synth_1
export_simulation -of_objects [get_files C:/Users/EnglishOnly/Desktop/Vivado/lab8/lab8_homework_2/lab8_2_1.srcs/sources_1/ip/c_counter_binary_0/c_counter_binary_0.xci] -directory C:/Users/EnglishOnly/Desktop/Vivado/lab8/lab8_homework_2/lab8_2_1.ip_user_files/sim_scripts -ip_user_files_dir C:/Users/EnglishOnly/Desktop/Vivado/lab8/lab8_homework_2/lab8_2_1.ip_user_files -ipstatic_source_dir C:/Users/EnglishOnly/Desktop/Vivado/lab8/lab8_homework_2/lab8_2_1.ip_user_files/ipstatic -lib_map_path [list {modelsim=C:/Users/EnglishOnly/Desktop/Vivado/lab8/lab8_homework_2/lab8_2_1.cache/compile_simlib/modelsim} {questa=C:/Users/EnglishOnly/Desktop/Vivado/lab8/lab8_homework_2/lab8_2_1.cache/compile_simlib/questa} {riviera=C:/Users/EnglishOnly/Desktop/Vivado/lab8/lab8_homework_2/lab8_2_1.cache/compile_simlib/riviera} {activehdl=C:/Users/EnglishOnly/Desktop/Vivado/lab8/lab8_homework_2/lab8_2_1.cache/compile_simlib/activehdl}] -use_ip_compiled_libs -force -quiet
reset_run synth_1
launch_runs impl_1 -to_step write_bitstream -jobs 4
wait_on_run impl_1
open_hw
connect_hw_server
open_hw_target
set_property PROGRAM.FILE {C:/Users/EnglishOnly/Desktop/Vivado/lab8/lab8_homework_2/lab8_2_1.runs/impl_1/lab8_2_1.bit} [get_hw_devices xc7a100t_0]
current_hw_device [get_hw_devices xc7a100t_0]
refresh_hw_device -update_hw_probes false [lindex [get_hw_devices xc7a100t_0] 0]
set_property PROBES.FILE {} [get_hw_devices xc7a100t_0]
set_property FULL_PROBES.FILE {} [get_hw_devices xc7a100t_0]
set_property PROGRAM.FILE {C:/Users/EnglishOnly/Desktop/Vivado/lab8/lab8_homework_2/lab8_2_1.runs/impl_1/lab8_2_1.bit} [get_hw_devices xc7a100t_0]
program_hw_devices [get_hw_devices xc7a100t_0]
refresh_hw_device [lindex [get_hw_devices xc7a100t_0] 0]
close_hw
set_property -dict [list CONFIG.Count_Mode {UP} CONFIG.Threshold_Value {0}] [get_ips c_counter_binary_0]
generate_target all [get_files  C:/Users/EnglishOnly/Desktop/Vivado/lab8/lab8_homework_2/lab8_2_1.srcs/sources_1/ip/c_counter_binary_0/c_counter_binary_0.xci]
catch { config_ip_cache -export [get_ips -all c_counter_binary_0] }
export_ip_user_files -of_objects [get_files C:/Users/EnglishOnly/Desktop/Vivado/lab8/lab8_homework_2/lab8_2_1.srcs/sources_1/ip/c_counter_binary_0/c_counter_binary_0.xci] -no_script -sync -force -quiet
reset_run c_counter_binary_0_synth_1
launch_runs -jobs 4 c_counter_binary_0_synth_1
wait_on_run c_counter_binary_0_synth_1
export_simulation -of_objects [get_files C:/Users/EnglishOnly/Desktop/Vivado/lab8/lab8_homework_2/lab8_2_1.srcs/sources_1/ip/c_counter_binary_0/c_counter_binary_0.xci] -directory C:/Users/EnglishOnly/Desktop/Vivado/lab8/lab8_homework_2/lab8_2_1.ip_user_files/sim_scripts -ip_user_files_dir C:/Users/EnglishOnly/Desktop/Vivado/lab8/lab8_homework_2/lab8_2_1.ip_user_files -ipstatic_source_dir C:/Users/EnglishOnly/Desktop/Vivado/lab8/lab8_homework_2/lab8_2_1.ip_user_files/ipstatic -lib_map_path [list {modelsim=C:/Users/EnglishOnly/Desktop/Vivado/lab8/lab8_homework_2/lab8_2_1.cache/compile_simlib/modelsim} {questa=C:/Users/EnglishOnly/Desktop/Vivado/lab8/lab8_homework_2/lab8_2_1.cache/compile_simlib/questa} {riviera=C:/Users/EnglishOnly/Desktop/Vivado/lab8/lab8_homework_2/lab8_2_1.cache/compile_simlib/riviera} {activehdl=C:/Users/EnglishOnly/Desktop/Vivado/lab8/lab8_homework_2/lab8_2_1.cache/compile_simlib/activehdl}] -use_ip_compiled_libs -force -quiet
reset_run synth_1
launch_runs impl_1 -to_step write_bitstream -jobs 4
wait_on_run impl_1
open_hw
connect_hw_server
open_hw_target
set_property PROGRAM.FILE {C:/Users/EnglishOnly/Desktop/Vivado/lab8/lab8_homework_2/lab8_2_1.runs/impl_1/lab8_2_1.bit} [get_hw_devices xc7a100t_0]
current_hw_device [get_hw_devices xc7a100t_0]
refresh_hw_device -update_hw_probes false [lindex [get_hw_devices xc7a100t_0] 0]
close_hw
reset_run synth_1
launch_runs impl_1 -to_step write_bitstream -jobs 4
wait_on_run impl_1
set_property -dict [list CONFIG.Threshold_Value {9}] [get_ips c_counter_binary_0]
generate_target all [get_files  C:/Users/EnglishOnly/Desktop/Vivado/lab8/lab8_homework_2/lab8_2_1.srcs/sources_1/ip/c_counter_binary_0/c_counter_binary_0.xci]
catch { config_ip_cache -export [get_ips -all c_counter_binary_0] }
catch { [ delete_ip_run [get_ips -all c_counter_binary_0] ] }
export_ip_user_files -of_objects [get_files C:/Users/EnglishOnly/Desktop/Vivado/lab8/lab8_homework_2/lab8_2_1.srcs/sources_1/ip/c_counter_binary_0/c_counter_binary_0.xci] -no_script -sync -force -quiet
create_ip_run [get_files -of_objects [get_fileset sources_1] C:/Users/EnglishOnly/Desktop/Vivado/lab8/lab8_homework_2/lab8_2_1.srcs/sources_1/ip/c_counter_binary_0/c_counter_binary_0.xci]
reset_run synth_1
update_compile_order -fileset sources_1
launch_runs impl_1 -to_step write_bitstream -jobs 4
wait_on_run impl_1
reset_run synth_1
launch_runs impl_1 -to_step write_bitstream -jobs 4
wait_on_run impl_1
reset_run synth_1
launch_runs impl_1 -to_step write_bitstream -jobs 4
wait_on_run impl_1
open_hw
connect_hw_server
open_hw_target
set_property PROGRAM.FILE {C:/Users/EnglishOnly/Desktop/Vivado/lab8/lab8_homework_2/lab8_2_1.runs/impl_1/lab8_2_1.bit} [get_hw_devices xc7a100t_0]
current_hw_device [get_hw_devices xc7a100t_0]
refresh_hw_device -update_hw_probes false [lindex [get_hw_devices xc7a100t_0] 0]
set_property PROBES.FILE {} [get_hw_devices xc7a100t_0]
set_property FULL_PROBES.FILE {} [get_hw_devices xc7a100t_0]
set_property PROGRAM.FILE {C:/Users/EnglishOnly/Desktop/Vivado/lab8/lab8_homework_2/lab8_2_1.runs/impl_1/lab8_2_1.bit} [get_hw_devices xc7a100t_0]
program_hw_devices [get_hw_devices xc7a100t_0]
refresh_hw_device [lindex [get_hw_devices xc7a100t_0] 0]
reset_run synth_1
launch_runs impl_1 -to_step write_bitstream -jobs 4
wait_on_run impl_1
set_property PROBES.FILE {} [get_hw_devices xc7a100t_0]
set_property FULL_PROBES.FILE {} [get_hw_devices xc7a100t_0]
set_property PROGRAM.FILE {C:/Users/EnglishOnly/Desktop/Vivado/lab8/lab8_homework_2/lab8_2_1.runs/impl_1/lab8_2_1.bit} [get_hw_devices xc7a100t_0]
program_hw_devices [get_hw_devices xc7a100t_0]
refresh_hw_device [lindex [get_hw_devices xc7a100t_0] 0]
set_property PROBES.FILE {} [get_hw_devices xc7a100t_0]
set_property FULL_PROBES.FILE {} [get_hw_devices xc7a100t_0]
set_property PROGRAM.FILE {C:/Users/EnglishOnly/Desktop/Vivado/lab8/lab8_homework_2/lab8_2_1.runs/impl_1/lab8_2_1.bit} [get_hw_devices xc7a100t_0]
program_hw_devices [get_hw_devices xc7a100t_0]
refresh_hw_device [lindex [get_hw_devices xc7a100t_0] 0]
close_hw
set_property -dict [list CONFIG.Threshold_Value {0}] [get_ips c_counter_binary_0]
generate_target all [get_files  C:/Users/EnglishOnly/Desktop/Vivado/lab8/lab8_homework_2/lab8_2_1.srcs/sources_1/ip/c_counter_binary_0/c_counter_binary_0.xci]
catch { config_ip_cache -export [get_ips -all c_counter_binary_0] }
export_ip_user_files -of_objects [get_files C:/Users/EnglishOnly/Desktop/Vivado/lab8/lab8_homework_2/lab8_2_1.srcs/sources_1/ip/c_counter_binary_0/c_counter_binary_0.xci] -no_script -sync -force -quiet
create_ip_run [get_files -of_objects [get_fileset sources_1] C:/Users/EnglishOnly/Desktop/Vivado/lab8/lab8_homework_2/lab8_2_1.srcs/sources_1/ip/c_counter_binary_0/c_counter_binary_0.xci]
reset_run synth_1
launch_runs impl_1 -to_step write_bitstream -jobs 4
wait_on_run impl_1
open_hw
connect_hw_server
open_hw_target
set_property PROGRAM.FILE {C:/Users/EnglishOnly/Desktop/Vivado/lab8/lab8_homework_2/lab8_2_1.runs/impl_1/lab8_2_1.bit} [get_hw_devices xc7a100t_0]
current_hw_device [get_hw_devices xc7a100t_0]
refresh_hw_device -update_hw_probes false [lindex [get_hw_devices xc7a100t_0] 0]
set_property PROBES.FILE {} [get_hw_devices xc7a100t_0]
set_property FULL_PROBES.FILE {} [get_hw_devices xc7a100t_0]
set_property PROGRAM.FILE {C:/Users/EnglishOnly/Desktop/Vivado/lab8/lab8_homework_2/lab8_2_1.runs/impl_1/lab8_2_1.bit} [get_hw_devices xc7a100t_0]
program_hw_devices [get_hw_devices xc7a100t_0]
refresh_hw_device [lindex [get_hw_devices xc7a100t_0] 0]
set_property -dict [list CONFIG.Threshold_Value {1}] [get_ips c_counter_binary_0]
generate_target all [get_files  C:/Users/EnglishOnly/Desktop/Vivado/lab8/lab8_homework_2/lab8_2_1.srcs/sources_1/ip/c_counter_binary_0/c_counter_binary_0.xci]
catch { config_ip_cache -export [get_ips -all c_counter_binary_0] }
export_ip_user_files -of_objects [get_files C:/Users/EnglishOnly/Desktop/Vivado/lab8/lab8_homework_2/lab8_2_1.srcs/sources_1/ip/c_counter_binary_0/c_counter_binary_0.xci] -no_script -sync -force -quiet
create_ip_run [get_files -of_objects [get_fileset sources_1] C:/Users/EnglishOnly/Desktop/Vivado/lab8/lab8_homework_2/lab8_2_1.srcs/sources_1/ip/c_counter_binary_0/c_counter_binary_0.xci]
reset_run synth_1
launch_runs impl_1 -to_step write_bitstream -jobs 4
wait_on_run impl_1
set_property PROBES.FILE {} [get_hw_devices xc7a100t_0]
set_property FULL_PROBES.FILE {} [get_hw_devices xc7a100t_0]
set_property PROGRAM.FILE {C:/Users/EnglishOnly/Desktop/Vivado/lab8/lab8_homework_2/lab8_2_1.runs/impl_1/lab8_2_1.bit} [get_hw_devices xc7a100t_0]
program_hw_devices [get_hw_devices xc7a100t_0]
refresh_hw_device [lindex [get_hw_devices xc7a100t_0] 0]
set_property -dict [list CONFIG.Threshold_Value {0}] [get_ips c_counter_binary_0]
generate_target all [get_files  C:/Users/EnglishOnly/Desktop/Vivado/lab8/lab8_homework_2/lab8_2_1.srcs/sources_1/ip/c_counter_binary_0/c_counter_binary_0.xci]
catch { config_ip_cache -export [get_ips -all c_counter_binary_0] }
export_ip_user_files -of_objects [get_files C:/Users/EnglishOnly/Desktop/Vivado/lab8/lab8_homework_2/lab8_2_1.srcs/sources_1/ip/c_counter_binary_0/c_counter_binary_0.xci] -no_script -sync -force -quiet
create_ip_run [get_files -of_objects [get_fileset sources_1] C:/Users/EnglishOnly/Desktop/Vivado/lab8/lab8_homework_2/lab8_2_1.srcs/sources_1/ip/c_counter_binary_0/c_counter_binary_0.xci]
reset_run synth_1
launch_runs impl_1 -to_step write_bitstream -jobs 4
wait_on_run impl_1
set_property PROBES.FILE {} [get_hw_devices xc7a100t_0]
set_property FULL_PROBES.FILE {} [get_hw_devices xc7a100t_0]
set_property PROGRAM.FILE {C:/Users/EnglishOnly/Desktop/Vivado/lab8/lab8_homework_2/lab8_2_1.runs/impl_1/lab8_2_1.bit} [get_hw_devices xc7a100t_0]
program_hw_devices [get_hw_devices xc7a100t_0]
refresh_hw_device [lindex [get_hw_devices xc7a100t_0] 0]
set_property -dict [list CONFIG.Threshold_Value {9}] [get_ips c_counter_binary_0]
generate_target all [get_files  C:/Users/EnglishOnly/Desktop/Vivado/lab8/lab8_homework_2/lab8_2_1.srcs/sources_1/ip/c_counter_binary_0/c_counter_binary_0.xci]
catch { config_ip_cache -export [get_ips -all c_counter_binary_0] }
export_ip_user_files -of_objects [get_files C:/Users/EnglishOnly/Desktop/Vivado/lab8/lab8_homework_2/lab8_2_1.srcs/sources_1/ip/c_counter_binary_0/c_counter_binary_0.xci] -no_script -sync -force -quiet
create_ip_run [get_files -of_objects [get_fileset sources_1] C:/Users/EnglishOnly/Desktop/Vivado/lab8/lab8_homework_2/lab8_2_1.srcs/sources_1/ip/c_counter_binary_0/c_counter_binary_0.xci]
reset_run synth_1
launch_runs impl_1 -to_step write_bitstream -jobs 4
wait_on_run impl_1
set_property PROBES.FILE {} [get_hw_devices xc7a100t_0]
set_property FULL_PROBES.FILE {} [get_hw_devices xc7a100t_0]
set_property PROGRAM.FILE {C:/Users/EnglishOnly/Desktop/Vivado/lab8/lab8_homework_2/lab8_2_1.runs/impl_1/lab8_2_1.bit} [get_hw_devices xc7a100t_0]
program_hw_devices [get_hw_devices xc7a100t_0]
refresh_hw_device [lindex [get_hw_devices xc7a100t_0] 0]
reset_run synth_1
launch_runs impl_1 -to_step write_bitstream -jobs 4
wait_on_run impl_1
set_property PROBES.FILE {} [get_hw_devices xc7a100t_0]
set_property FULL_PROBES.FILE {} [get_hw_devices xc7a100t_0]
set_property PROGRAM.FILE {C:/Users/EnglishOnly/Desktop/Vivado/lab8/lab8_homework_2/lab8_2_1.runs/impl_1/lab8_2_1.bit} [get_hw_devices xc7a100t_0]
program_hw_devices [get_hw_devices xc7a100t_0]
refresh_hw_device [lindex [get_hw_devices xc7a100t_0] 0]
synth_design -rtl -name rtl_1
refresh_design
